Compiling lib\main.dart for the Web...                          
Compiling lib\main.dart for the Web...                             96,4s
√ Built build\web
